// Jest Snapshot v1, https://goo.gl/fbAQLP

exports[`Header renders 1`] = `
<div
  class="jsx-505660841 Header"
>
  HeaderContent
</div>
`;
