// Jest Snapshot v1, https://goo.gl/fbAQLP

exports[`Section renders 1`] = `
<div
  class="jsx-1967107867 Section"
>
  SectionContent
</div>
`;
