// Jest Snapshot v1, https://goo.gl/fbAQLP

exports[`Spacer renders 1`] = `
<div
  class="jsx-1127755532 Spacer"
/>
`;
